../Core/Src/main.c:78:5:main	8	static
../Core/Src/main.c:125:6:SystemClock_Config	72	static
../Core/Src/main.c:161:13:MX_TIM2_Init	64	static
../Core/Src/main.c:216:13:MX_TIM3_Init	32	static
../Core/Src/main.c:258:13:MX_USART3_UART_Init	8	static
../Core/Src/main.c:289:13:MX_GPIO_Init	32	static
../Core/Src/main.c:334:6:HAL_TIM_PeriodElapsedCallback	32	static
../Core/Src/main.c:375:6:HAL_UART_RxCpltCallback	16	static
../Core/Src/main.c:441:6:buzzer_init	8	static
../Core/Src/main.c:447:6:buzzer_change_tone	40	static
../Core/Src/main.c:465:6:decode	16	static
../Core/Src/main.c:532:6:HAL_GPIO_EXTI_Callback	16	static
../Core/Src/main.c:550:6:Error_Handler	4	static,ignoring_inline_asm
